// 重构日志: 285a9e69
// 重构日志: 0ade1955
// 重构日志: 85e774fc
// 重构日志: c6e758ba
// 重构日志: 2379b2f7
// 同步 ID: ed306c7c @ Sat Jul 25 14:34:27 UTC 2026
// 同步 ID: 7d031a67 @ Sat Jul 25 18:05:22 UTC 2026
// 重构日志: 28b089d3
// 同步 ID: 7331f6c0 @ Mon Jul 27 13:38:25 UTC 2026
// 重构日志: 61ce2fdf
// 同步 ID: 96a173c5 @ Tue Jul 28 07:59:16 UTC 2026
// 同步 ID: a7bfe478 @ Tue Jul 28 12:56:06 UTC 2026
// 重构日志: 8e0418be
// 同步 ID: 4a046b0d @ Wed Jul 29 01:16:20 UTC 2026
// 重构日志: 5ab3ad5a
// 重构日志: 0fea90d8
// 重构日志: 184dd8f6
// 重构日志: 8f725801
// 重构日志: 988c99e5
// 同步 ID: 19c78248 @ Sun Aug  2 18:28:29 UTC 2026
// 同步 ID: 4f190215 @ Mon Aug  3 08:53:29 UTC 2026
// 同步 ID: 91acc34a @ Mon Aug  3 20:17:35 UTC 2026
// 重构日志: 7e288f2b
// 重构日志: c76e8309
// 重构日志: 0cb819c1
// 同步 ID: f3592278 @ Wed Aug  5 08:38:17 UTC 2026
// 重构日志: fad949f4
// 同步 ID: c6cc208f @ Thu Aug  6 00:11:45 UTC 2026
// 同步 ID: 419ae058 @ Thu Aug  6 11:31:14 UTC 2026
// 同步 ID: 39b617a3 @ Fri Aug  7 04:20:38 UTC 2026
// 重构日志: 0075f309
// 重构日志: da801c8d
// 重构日志: 643d438e
// 重构日志: 87cabfe6
